PHPUnit 11.5.48 by Sebastian Bergmann and contributors.

Unknown option "--display-failed"
